<?xml version="1.0" encoding="utf-8"?><testsuites name="pytest tests"><testsuite name="pytest" errors="0" failures="2" skipped="0" tests="91" time="8.359" timestamp="2025-12-22T04:49:51.083162+00:00" hostname="961bc7b34408"><testcase classname="tests.test_acl.TestIsEntityAllowed" name="test_entity_with_smartly_control_label" time="0.005"><failure message="assert False is True">tests/test_acl.py:23: in test_entity_with_smartly_control_label
    assert result is True
E   assert False is True</failure></testcase><testcase classname="tests.test_acl.TestIsEntityAllowed" name="test_entity_without_label" time="0.002" /><testcase classname="tests.test_acl.TestIsEntityAllowed" name="test_nonexistent_entity" time="0.002" /><testcase classname="tests.test_acl.TestIsServiceAllowed" name="test_allowed_switch_services" time="0.001" /><testcase classname="tests.test_acl.TestIsServiceAllowed" name="test_allowed_light_services" time="0.001" /><testcase classname="tests.test_acl.TestIsServiceAllowed" name="test_allowed_cover_services" time="0.001" /><testcase classname="tests.test_acl.TestIsServiceAllowed" name="test_allowed_climate_services" time="0.001" /><testcase classname="tests.test_acl.TestIsServiceAllowed" name="test_allowed_lock_services" time="0.001" /><testcase classname="tests.test_acl.TestIsServiceAllowed" name="test_disallowed_service" time="0.001" /><testcase classname="tests.test_acl.TestIsServiceAllowed" name="test_disallowed_domain" time="0.001" /><testcase classname="tests.test_acl.TestGetEntityDomain" name="test_get_domain_from_entity_id" time="0.001" /><testcase classname="tests.test_acl.TestGetEntityDomain" name="test_get_domain_empty_string" time="0.001" /><testcase classname="tests.test_acl.TestGetEntityDomain" name="test_get_domain_no_dot" time="0.000" /><testcase classname="tests.test_acl.TestGetAllowedEntities" name="test_get_allowed_entities" time="0.002"><failure message="AssertionError: assert 'light.test_light' in []">tests/test_acl.py:106: in test_get_allowed_entities
    assert "light.test_light" in result
E   AssertionError: assert 'light.test_light' in []</failure></testcase><testcase classname="tests.test_acl.TestGetAllowedEntities" name="test_get_allowed_entities_empty_registry" time="0.002" /><testcase classname="tests.test_acl.TestFilterEntitiesByArea" name="test_filter_no_restriction" time="0.002" /><testcase classname="tests.test_acl.TestFilterEntitiesByArea" name="test_filter_by_allowed_area" time="0.002" /><testcase classname="tests.test_acl.TestAllowedServicesConfig" name="test_all_domains_have_services" time="0.001" /><testcase classname="tests.test_acl.TestAllowedServicesConfig" name="test_expected_domains_present" time="0.000" /><testcase classname="tests.test_acl.TestAllowedServicesConfig" name="test_no_dangerous_services" time="0.001" /><testcase classname="tests.test_audit.TestLogControl" name="test_log_control_basic" time="0.002" /><testcase classname="tests.test_audit.TestLogControl" name="test_log_control_with_actor" time="0.002" /><testcase classname="tests.test_audit.TestLogDeny" name="test_log_deny_basic" time="0.002" /><testcase classname="tests.test_audit.TestLogDeny" name="test_log_deny_with_actor" time="0.002" /><testcase classname="tests.test_audit.TestLogPush" name="test_log_push_success" time="0.002" /><testcase classname="tests.test_audit.TestLogPush" name="test_log_push_fail" time="0.002" /><testcase classname="tests.test_audit.TestLogAuthFail" name="test_log_auth_fail" time="0.002" /><testcase classname="tests.test_audit.TestLogRateLimit" name="test_log_rate_limit" time="0.002" /><testcase classname="tests.test_audit.TestLogIntegrationEvent" name="test_log_integration_event_basic" time="0.002" /><testcase classname="tests.test_audit.TestLogIntegrationEvent" name="test_log_integration_event_with_details" time="0.002" /><testcase classname="tests.test_auth.TestComputeSignature" name="test_compute_signature_basic" time="0.001" /><testcase classname="tests.test_auth.TestComputeSignature" name="test_compute_signature_deterministic" time="0.001" /><testcase classname="tests.test_auth.TestComputeSignature" name="test_compute_signature_different_inputs" time="0.001" /><testcase classname="tests.test_auth.TestVerifySignature" name="test_verify_signature_valid" time="0.001" /><testcase classname="tests.test_auth.TestVerifySignature" name="test_verify_signature_invalid" time="0.001" /><testcase classname="tests.test_auth.TestVerifySignature" name="test_verify_signature_wrong_secret" time="0.001" /><testcase classname="tests.test_auth.TestCheckTimestamp" name="test_check_timestamp_valid" time="0.000" /><testcase classname="tests.test_auth.TestCheckTimestamp" name="test_check_timestamp_past_within_tolerance" time="0.001" /><testcase classname="tests.test_auth.TestCheckTimestamp" name="test_check_timestamp_future_within_tolerance" time="0.000" /><testcase classname="tests.test_auth.TestCheckTimestamp" name="test_check_timestamp_too_old" time="0.000" /><testcase classname="tests.test_auth.TestCheckTimestamp" name="test_check_timestamp_too_future" time="0.001" /><testcase classname="tests.test_auth.TestCheckTimestamp" name="test_check_timestamp_invalid_format" time="0.001" /><testcase classname="tests.test_auth.TestCheckIp" name="test_check_ip_empty_cidrs_allows_all" time="0.001" /><testcase classname="tests.test_auth.TestCheckIp" name="test_check_ip_in_cidr" time="0.001" /><testcase classname="tests.test_auth.TestCheckIp" name="test_check_ip_not_in_cidr" time="0.001" /><testcase classname="tests.test_auth.TestCheckIp" name="test_check_ip_multiple_cidrs" time="0.001" /><testcase classname="tests.test_auth.TestCheckIp" name="test_check_ip_invalid_ip" time="0.001" /><testcase classname="tests.test_auth.TestCheckIp" name="test_check_ip_single_host" time="0.001" /><testcase classname="tests.test_auth.TestNonceCache" name="test_nonce_cache_add_new" time="0.002" /><testcase classname="tests.test_auth.TestNonceCache" name="test_nonce_cache_reject_duplicate" time="0.001" /><testcase classname="tests.test_auth.TestNonceCache" name="test_nonce_cache_different_nonces" time="0.001" /><testcase classname="tests.test_auth.TestNonceCache" name="test_nonce_cache_start_stop" time="0.001" /><testcase classname="tests.test_auth.TestRateLimiter" name="test_rate_limiter_allows_within_limit" time="0.001" /><testcase classname="tests.test_auth.TestRateLimiter" name="test_rate_limiter_blocks_over_limit" time="0.001" /><testcase classname="tests.test_auth.TestRateLimiter" name="test_rate_limiter_separate_clients" time="0.001" /><testcase classname="tests.test_auth.TestRateLimiter" name="test_rate_limiter_get_remaining" time="0.001" /><testcase classname="tests.test_config_flow.TestGenerateCredentials" name="test_generate_client_id_format" time="0.001" /><testcase classname="tests.test_config_flow.TestGenerateCredentials" name="test_generate_client_id_unique" time="0.001" /><testcase classname="tests.test_config_flow.TestGenerateCredentials" name="test_generate_client_secret_length" time="0.001" /><testcase classname="tests.test_config_flow.TestGenerateCredentials" name="test_generate_client_secret_unique" time="0.001" /><testcase classname="tests.test_config_flow.TestConfigFlowValidation" name="test_validate_cidrs_empty" time="0.001" /><testcase classname="tests.test_config_flow.TestConfigFlowValidation" name="test_validate_cidrs_single_valid" time="0.001" /><testcase classname="tests.test_config_flow.TestConfigFlowValidation" name="test_validate_cidrs_multiple_valid" time="0.001" /><testcase classname="tests.test_config_flow.TestConfigFlowValidation" name="test_validate_cidrs_invalid" time="0.001" /><testcase classname="tests.test_config_flow.TestConfigFlowSteps" name="test_step_user_show_form" time="0.002" /><testcase classname="tests.test_config_flow.TestConfigFlowSteps" name="test_step_user_invalid_cidr" time="0.002" /><testcase classname="tests.test_config_flow.TestConfigFlowSteps" name="test_step_user_invalid_url" time="0.001" /><testcase classname="tests.test_config_flow.TestConfigFlowSteps" name="test_step_user_success" time="0.001" /><testcase classname="tests.test_config_flow.TestConfigFlowSteps" name="test_step_user_empty_webhook_allowed" time="0.001" /><testcase classname="tests.test_http.TestControlEndpoint" name="test_control_missing_headers" time="0.003" /><testcase classname="tests.test_http.TestControlEndpoint" name="test_control_invalid_signature" time="0.003" /><testcase classname="tests.test_http.TestControlEndpoint" name="test_control_rate_limited" time="0.003" /><testcase classname="tests.test_http.TestSyncEndpoint" name="test_sync_returns_structure" time="0.004" /><testcase classname="tests.test_http.TestApiPaths" name="test_control_path" time="0.001" /><testcase classname="tests.test_http.TestApiPaths" name="test_sync_path" time="0.000" /><testcase classname="tests.test_http.TestViewRegistration" name="test_register_views" time="0.002" /><testcase classname="tests.test_init.TestSetup" name="test_async_setup" time="0.002" /><testcase classname="tests.test_init.TestSetup" name="test_async_setup_entry" time="0.004" /><testcase classname="tests.test_init.TestSetup" name="test_async_setup_entry_registers_views" time="0.004" /><testcase classname="tests.test_init.TestUnload" name="test_async_unload_entry" time="0.006" /><testcase classname="tests.test_init.TestUnload" name="test_async_unload_entry_no_data" time="0.002" /><testcase classname="tests.test_init.TestOptionsUpdate" name="test_async_update_options" time="0.004" /><testcase classname="tests.test_init.TestRemoveEntry" name="test_async_remove_entry" time="0.003" /><testcase classname="tests.test_push.TestStatePushManager" name="test_init" time="0.003" /><testcase classname="tests.test_push.TestStatePushManager" name="test_state_to_dict" time="0.003" /><testcase classname="tests.test_push.TestStatePushManager" name="test_queue_event" time="0.003" /><testcase classname="tests.test_push.TestStatePushManager" name="test_stop_flushes_events" time="0.003" /><testcase classname="tests.test_push.TestStatePushManager" name="test_flush_events_no_webhook" time="0.003" /><testcase classname="tests.test_push.TestPushRetry" name="test_retry_on_timeout" time="3.007" /><testcase classname="tests.test_push.TestPushRetry" name="test_retry_on_429" time="0.003" /><testcase classname="tests.test_push.TestWebhookUrlHandling" name="test_adds_events_suffix" time="0.003" /></testsuite></testsuites>